
Memory Configuration

Name             Origin             Length             Attributes
*default*        0x0000000000000000 0xffffffffffffffff

Linker script and memory map

                0xffff000000080000                . = 0xffff000000080000
                0xffff000000080000                boot_start = .

.text.boot      0xffff000000080000      0x1a0
 *(.text.boot)
 .text.boot     0xffff000000080000      0x1a0 build/boot_s.o
                0xffff000000080000                _start
                0xffff0000000801a0                boot_end = .

.text           0xffff0000000801a0      0x7d0
 *(.text)
 .text          0xffff0000000801a0      0x22c build/pl_uart_c.o
                0xffff0000000801a0                uart_send
                0xffff0000000801f0                uart_recv
                0xffff000000080238                uart_send_string
                0xffff000000080294                uart_init
 .text          0xffff0000000803cc      0x1e8 build/memset_c.o
                0xffff000000080588                memset
 .text          0xffff0000000805b4       0xc0 build/kernel_c.o
                0xffff0000000805b4                my_ldr_str_test
                0xffff0000000805e8                my_data_process_inst
                0xffff000000080644                kernel_main
 *fill*         0xffff000000080674        0x4 
 .text          0xffff000000080678       0xe8 build/early_uart_s.o
                0xffff000000080678                __init_uart
                0xffff0000000806dc                put_uart
                0xffff0000000806fc                put_string_uart
 .text          0xffff000000080760       0x10 build/mm_s.o
                0xffff000000080760                memzero
 .text          0xffff000000080770       0x18 build/memset_asm_s.o
                0xffff000000080770                __memset_16bytes
 .text          0xffff000000080788        0x0 build/boot_s.o
 .text          0xffff000000080788      0x1e8 build/asm_test_s.o
                0xffff000000080788                ldr_test
                0xffff0000000807c8                my_memcpy_test
                0xffff0000000807e8                string1
                0xffff0000000807f8                my_data
                0xffff000000080800                access_label_test
                0xffff000000080824                add_inst_test
                0xffff000000080844                compare_and_return
                0xffff000000080850                ands_test
                0xffff000000080864                bitfield_test
                0xffff00000008088c                cmp_cmn_test
                0xffff0000000808bc                csel_test
                0xffff0000000808d0                bl_test
                0xffff0000000808e8                my_test_data
                0xffff0000000808f0                adrp_test

.iplt           0xffff000000080970        0x0
 .iplt          0xffff000000080970        0x0 build/pl_uart_c.o

.rodata         0xffff000000080970       0x26
 *(.rodata)
 .rodata        0xffff000000080970       0x11 build/kernel_c.o
 *fill*         0xffff000000080981        0x7 
 .rodata        0xffff000000080988        0xe build/boot_s.o
                0xffff000000080988                el_string1

.eh_frame       0xffff000000080998      0x130
 .eh_frame      0xffff000000080998       0x80 build/pl_uart_c.o
 .eh_frame      0xffff000000080a18       0x58 build/memset_c.o
                                         0x70 (size before relaxing)
 .eh_frame      0xffff000000080a70       0x58 build/kernel_c.o
                                         0x70 (size before relaxing)

.rela.dyn       0xffff000000080ac8        0x0
 .rela.iplt     0xffff000000080ac8        0x0 build/pl_uart_c.o
 .rela.text.boot
                0xffff000000080ac8        0x0 build/pl_uart_c.o
 .rela.text     0xffff000000080ac8        0x0 build/pl_uart_c.o

.data           0xffff000000080ac8        0x0
 *(.data)
 .data          0xffff000000080ac8        0x0 build/pl_uart_c.o
 .data          0xffff000000080ac8        0x0 build/memset_c.o
 .data          0xffff000000080ac8        0x0 build/kernel_c.o
 .data          0xffff000000080ac8        0x0 build/early_uart_s.o
 .data          0xffff000000080ac8        0x0 build/mm_s.o
 .data          0xffff000000080ac8        0x0 build/memset_asm_s.o
 .data          0xffff000000080ac8        0x0 build/boot_s.o
 .data          0xffff000000080ac8        0x0 build/asm_test_s.o
                0xffff000000080ac8                . = ALIGN (0x8)
                0xffff000000082000                . = ALIGN (0x2000)

.igot.plt       0xffff000000082000        0x0
 .igot.plt      0xffff000000082000        0x0 build/pl_uart_c.o

.idle_stack     0xffff000000082000     0x202c
 *.o(.idle_stack)
 .idle_stack    0xffff000000082000     0x202c build/boot_s.o
                0xffff000000082000                idlestack
                0xffff000000086000                . = ALIGN (0x2000)
                0xffff000000086000                k_stack_start = .

.stack          0xffff000000086000     0x2000
 *(.stack)
 .stack         0xffff000000086000     0x2000 build/boot_s.o
                0xffff000000086000                tempstack
                0xffff000000088000                k_stack_end = .
                0xffff000000088000                . = ALIGN (0x2000)
                0xffff000000088000                bss_begin = .

.bss            0xffff000000088000        0x0
 *(.bss*)
 .bss           0xffff000000088000        0x0 build/pl_uart_c.o
 .bss           0xffff000000088000        0x0 build/memset_c.o
 .bss           0xffff000000088000        0x0 build/kernel_c.o
 .bss           0xffff000000088000        0x0 build/early_uart_s.o
 .bss           0xffff000000088000        0x0 build/mm_s.o
 .bss           0xffff000000088000        0x0 build/memset_asm_s.o
 .bss           0xffff000000088000        0x0 build/boot_s.o
 .bss           0xffff000000088000        0x0 build/asm_test_s.o
                0xffff000000088000                bss_end = .
                0xffff000000088000                . = ALIGN (0x1000)
                0xffff000000088000                init_pg_dir = .
                0xffff000000089000                . = (. + 0x1000)
LOAD build/pl_uart_c.o
LOAD build/memset_c.o
LOAD build/kernel_c.o
LOAD build/early_uart_s.o
LOAD build/mm_s.o
LOAD build/memset_asm_s.o
LOAD build/boot_s.o
LOAD build/asm_test_s.o
OUTPUT(build/benos.elf elf64-littleaarch64)
LOAD linker stubs

.debug_info     0x0000000000000000      0x65e
 .debug_info    0x0000000000000000      0x2f7 build/pl_uart_c.o
 .debug_info    0x00000000000002f7      0x1be build/memset_c.o
 .debug_info    0x00000000000004b5       0xcf build/kernel_c.o
 .debug_info    0x0000000000000584       0x2e build/early_uart_s.o
 .debug_info    0x00000000000005b2       0x2e build/mm_s.o
 .debug_info    0x00000000000005e0       0x2e build/memset_asm_s.o
 .debug_info    0x000000000000060e       0x22 build/boot_s.o
 .debug_info    0x0000000000000630       0x2e build/asm_test_s.o

.debug_abbrev   0x0000000000000000      0x2bf
 .debug_abbrev  0x0000000000000000       0xea build/pl_uart_c.o
 .debug_abbrev  0x00000000000000ea       0xe1 build/memset_c.o
 .debug_abbrev  0x00000000000001cb       0x92 build/kernel_c.o
 .debug_abbrev  0x000000000000025d       0x14 build/early_uart_s.o
 .debug_abbrev  0x0000000000000271       0x14 build/mm_s.o
 .debug_abbrev  0x0000000000000285       0x14 build/memset_asm_s.o
 .debug_abbrev  0x0000000000000299       0x12 build/boot_s.o
 .debug_abbrev  0x00000000000002ab       0x14 build/asm_test_s.o

.debug_aranges  0x0000000000000000      0x190
 .debug_aranges
                0x0000000000000000       0x30 build/pl_uart_c.o
 .debug_aranges
                0x0000000000000030       0x30 build/memset_c.o
 .debug_aranges
                0x0000000000000060       0x30 build/kernel_c.o
 .debug_aranges
                0x0000000000000090       0x30 build/early_uart_s.o
 .debug_aranges
                0x00000000000000c0       0x30 build/mm_s.o
 .debug_aranges
                0x00000000000000f0       0x30 build/memset_asm_s.o
 .debug_aranges
                0x0000000000000120       0x40 build/boot_s.o
 .debug_aranges
                0x0000000000000160       0x30 build/asm_test_s.o

.debug_line     0x0000000000000000      0x477
 .debug_line    0x0000000000000000       0xd3 build/pl_uart_c.o
 .debug_line    0x00000000000000d3       0xe3 build/memset_c.o
 .debug_line    0x00000000000001b6       0x7e build/kernel_c.o
 .debug_line    0x0000000000000234       0x6c build/early_uart_s.o
 .debug_line    0x00000000000002a0       0x3d build/mm_s.o
 .debug_line    0x00000000000002dd       0x47 build/memset_asm_s.o
 .debug_line    0x0000000000000324       0xb1 build/boot_s.o
 .debug_line    0x00000000000003d5       0xa2 build/asm_test_s.o

.debug_str      0x0000000000000000      0x1b6
 .debug_str     0x0000000000000000       0xc5 build/pl_uart_c.o
                                         0xd2 (size before relaxing)
 .debug_str     0x00000000000000c5       0x62 build/memset_c.o
                                         0xf5 (size before relaxing)
 .debug_str     0x0000000000000127       0x3e build/kernel_c.o
                                         0xd1 (size before relaxing)
 .debug_str     0x0000000000000165       0x1d build/early_uart_s.o
                                         0x35 (size before relaxing)
 .debug_str     0x0000000000000182        0x9 build/mm_s.o
                                         0x2d (size before relaxing)
 .debug_str     0x000000000000018b       0x11 build/memset_asm_s.o
                                         0x35 (size before relaxing)
 .debug_str     0x000000000000019c        0xb build/boot_s.o
                                         0x2f (size before relaxing)
 .debug_str     0x00000000000001a7        0xf build/asm_test_s.o
                                         0x33 (size before relaxing)

.comment        0x0000000000000000       0x24
 .comment       0x0000000000000000       0x24 build/pl_uart_c.o
                                         0x25 (size before relaxing)
 .comment       0x0000000000000024       0x25 build/memset_c.o
 .comment       0x0000000000000024       0x25 build/kernel_c.o

.note.GNU-stack
                0x0000000000000000        0x0
 .note.GNU-stack
                0x0000000000000000        0x0 build/pl_uart_c.o
 .note.GNU-stack
                0x0000000000000000        0x0 build/memset_c.o
 .note.GNU-stack
                0x0000000000000000        0x0 build/kernel_c.o

.debug_ranges   0x0000000000000000       0x40
 .debug_ranges  0x0000000000000000       0x40 build/boot_s.o
