
Memory Configuration

Name             Origin             Length             Attributes
*default*        0x0000000000000000 0xffffffffffffffff

Linker script and memory map

                0xffff000000080000                . = 0xffff000000080000

.text.boot      0xffff000000080000      0x1a8
 *(.text.boot)
 .text.boot     0xffff000000080000      0x1a8 build/boot_s.o
                0xffff000000080000                _start

.text           0xffff0000000801a8      0x7d0
 *(.text)
 .text          0xffff0000000801a8      0x22c build/pl_uart_c.o
                0xffff0000000801a8                uart_send
                0xffff0000000801f8                uart_recv
                0xffff000000080240                uart_send_string
                0xffff00000008029c                uart_init
 .text          0xffff0000000803d4      0x1e8 build/memset_c.o
                0xffff000000080590                memset
 .text          0xffff0000000805bc       0xc0 build/kernel_c.o
                0xffff0000000805bc                my_ldr_str_test
                0xffff0000000805f0                my_data_process_inst
                0xffff00000008064c                kernel_main
 *fill*         0xffff00000008067c        0x4 
 .text          0xffff000000080680       0xe8 build/early_uart_s.o
                0xffff000000080680                __init_uart
                0xffff0000000806e4                put_uart
                0xffff000000080704                put_string_uart
 .text          0xffff000000080768       0x10 build/mm_s.o
                0xffff000000080768                memzero
 .text          0xffff000000080778       0x18 build/memset_asm_s.o
                0xffff000000080778                __memset_16bytes
 .text          0xffff000000080790        0x0 build/boot_s.o
 .text          0xffff000000080790      0x1e8 build/asm_test_s.o
                0xffff000000080790                ldr_test
                0xffff0000000807d0                my_memcpy_test
                0xffff0000000807f0                string1
                0xffff000000080800                my_data
                0xffff000000080808                access_label_test
                0xffff00000008082c                add_inst_test
                0xffff00000008084c                compare_and_return
                0xffff000000080858                ands_test
                0xffff00000008086c                bitfield_test
                0xffff000000080894                cmp_cmn_test
                0xffff0000000808c4                csel_test
                0xffff0000000808d8                bl_test
                0xffff0000000808f0                my_test_data
                0xffff0000000808f8                adrp_test

.iplt           0xffff000000080978        0x0
 .iplt          0xffff000000080978        0x0 build/pl_uart_c.o

.rodata         0xffff000000080978       0x26
 *(.rodata)
 .rodata        0xffff000000080978       0x11 build/kernel_c.o
 *fill*         0xffff000000080989        0x7 
 .rodata        0xffff000000080990        0xe build/boot_s.o
                0xffff000000080990                el_string1

.eh_frame       0xffff0000000809a0      0x130
 .eh_frame      0xffff0000000809a0       0x80 build/pl_uart_c.o
 .eh_frame      0xffff000000080a20       0x58 build/memset_c.o
                                         0x70 (size before relaxing)
 .eh_frame      0xffff000000080a78       0x58 build/kernel_c.o
                                         0x70 (size before relaxing)

.rela.dyn       0xffff000000080ad0        0x0
 .rela.iplt     0xffff000000080ad0        0x0 build/pl_uart_c.o
 .rela.text.boot
                0xffff000000080ad0        0x0 build/pl_uart_c.o
 .rela.text     0xffff000000080ad0        0x0 build/pl_uart_c.o

.data           0xffff000000080ad0        0x0
 *(.data)
 .data          0xffff000000080ad0        0x0 build/pl_uart_c.o
 .data          0xffff000000080ad0        0x0 build/memset_c.o
 .data          0xffff000000080ad0        0x0 build/kernel_c.o
 .data          0xffff000000080ad0        0x0 build/early_uart_s.o
 .data          0xffff000000080ad0        0x0 build/mm_s.o
 .data          0xffff000000080ad0        0x0 build/memset_asm_s.o
 .data          0xffff000000080ad0        0x0 build/boot_s.o
 .data          0xffff000000080ad0        0x0 build/asm_test_s.o
                0xffff000000080ad0                . = ALIGN (0x8)
                0xffff000000082000                . = ALIGN (0x2000)

.igot.plt       0xffff000000082000        0x0
 .igot.plt      0xffff000000082000        0x0 build/pl_uart_c.o

.idle_stack     0xffff000000082000     0x202c
 *.o(.idle_stack)
 .idle_stack    0xffff000000082000     0x202c build/boot_s.o
                0xffff000000082000                idlestack
                0xffff000000086000                . = ALIGN (0x2000)
                0xffff000000086000                k_stack_start = .

.stack          0xffff000000086000     0x2000
 *(.stack)
 .stack         0xffff000000086000     0x2000 build/boot_s.o
                0xffff000000086000                tempstack
                0xffff000000088000                k_stack_end = .
                0xffff000000088000                . = ALIGN (0x2000)
                0xffff000000088000                bss_begin = .

.bss            0xffff000000088000        0x0
 *(.bss*)
 .bss           0xffff000000088000        0x0 build/pl_uart_c.o
 .bss           0xffff000000088000        0x0 build/memset_c.o
 .bss           0xffff000000088000        0x0 build/kernel_c.o
 .bss           0xffff000000088000        0x0 build/early_uart_s.o
 .bss           0xffff000000088000        0x0 build/mm_s.o
 .bss           0xffff000000088000        0x0 build/memset_asm_s.o
 .bss           0xffff000000088000        0x0 build/boot_s.o
 .bss           0xffff000000088000        0x0 build/asm_test_s.o
                0xffff000000088000                bss_end = .
                0xffff000000088000                . = ALIGN (0x1000)
                0xffff000000088000                init_pg_dir = .
                0xffff000000089000                . = (. + 0x1000)
LOAD build/pl_uart_c.o
LOAD build/memset_c.o
LOAD build/kernel_c.o
LOAD build/early_uart_s.o
LOAD build/mm_s.o
LOAD build/memset_asm_s.o
LOAD build/boot_s.o
LOAD build/asm_test_s.o
OUTPUT(build/benos.elf elf64-littleaarch64)
LOAD linker stubs

.debug_info     0x0000000000000000      0x65e
 .debug_info    0x0000000000000000      0x2f7 build/pl_uart_c.o
 .debug_info    0x00000000000002f7      0x1be build/memset_c.o
 .debug_info    0x00000000000004b5       0xcf build/kernel_c.o
 .debug_info    0x0000000000000584       0x2e build/early_uart_s.o
 .debug_info    0x00000000000005b2       0x2e build/mm_s.o
 .debug_info    0x00000000000005e0       0x2e build/memset_asm_s.o
 .debug_info    0x000000000000060e       0x22 build/boot_s.o
 .debug_info    0x0000000000000630       0x2e build/asm_test_s.o

.debug_abbrev   0x0000000000000000      0x2bf
 .debug_abbrev  0x0000000000000000       0xea build/pl_uart_c.o
 .debug_abbrev  0x00000000000000ea       0xe1 build/memset_c.o
 .debug_abbrev  0x00000000000001cb       0x92 build/kernel_c.o
 .debug_abbrev  0x000000000000025d       0x14 build/early_uart_s.o
 .debug_abbrev  0x0000000000000271       0x14 build/mm_s.o
 .debug_abbrev  0x0000000000000285       0x14 build/memset_asm_s.o
 .debug_abbrev  0x0000000000000299       0x12 build/boot_s.o
 .debug_abbrev  0x00000000000002ab       0x14 build/asm_test_s.o

.debug_aranges  0x0000000000000000      0x190
 .debug_aranges
                0x0000000000000000       0x30 build/pl_uart_c.o
 .debug_aranges
                0x0000000000000030       0x30 build/memset_c.o
 .debug_aranges
                0x0000000000000060       0x30 build/kernel_c.o
 .debug_aranges
                0x0000000000000090       0x30 build/early_uart_s.o
 .debug_aranges
                0x00000000000000c0       0x30 build/mm_s.o
 .debug_aranges
                0x00000000000000f0       0x30 build/memset_asm_s.o
 .debug_aranges
                0x0000000000000120       0x40 build/boot_s.o
 .debug_aranges
                0x0000000000000160       0x30 build/asm_test_s.o

.debug_line     0x0000000000000000      0x478
 .debug_line    0x0000000000000000       0xd3 build/pl_uart_c.o
 .debug_line    0x00000000000000d3       0xe3 build/memset_c.o
 .debug_line    0x00000000000001b6       0x7e build/kernel_c.o
 .debug_line    0x0000000000000234       0x6c build/early_uart_s.o
 .debug_line    0x00000000000002a0       0x3d build/mm_s.o
 .debug_line    0x00000000000002dd       0x47 build/memset_asm_s.o
 .debug_line    0x0000000000000324       0xb2 build/boot_s.o
 .debug_line    0x00000000000003d6       0xa2 build/asm_test_s.o

.debug_str      0x0000000000000000      0x1b6
 .debug_str     0x0000000000000000       0xc5 build/pl_uart_c.o
                                         0xd2 (size before relaxing)
 .debug_str     0x00000000000000c5       0x62 build/memset_c.o
                                         0xf5 (size before relaxing)
 .debug_str     0x0000000000000127       0x3e build/kernel_c.o
                                         0xd1 (size before relaxing)
 .debug_str     0x0000000000000165       0x1d build/early_uart_s.o
                                         0x35 (size before relaxing)
 .debug_str     0x0000000000000182        0x9 build/mm_s.o
                                         0x2d (size before relaxing)
 .debug_str     0x000000000000018b       0x11 build/memset_asm_s.o
                                         0x35 (size before relaxing)
 .debug_str     0x000000000000019c        0xb build/boot_s.o
                                         0x2f (size before relaxing)
 .debug_str     0x00000000000001a7        0xf build/asm_test_s.o
                                         0x33 (size before relaxing)

.comment        0x0000000000000000       0x24
 .comment       0x0000000000000000       0x24 build/pl_uart_c.o
                                         0x25 (size before relaxing)
 .comment       0x0000000000000024       0x25 build/memset_c.o
 .comment       0x0000000000000024       0x25 build/kernel_c.o

.note.GNU-stack
                0x0000000000000000        0x0
 .note.GNU-stack
                0x0000000000000000        0x0 build/pl_uart_c.o
 .note.GNU-stack
                0x0000000000000000        0x0 build/memset_c.o
 .note.GNU-stack
                0x0000000000000000        0x0 build/kernel_c.o

.debug_ranges   0x0000000000000000       0x40
 .debug_ranges  0x0000000000000000       0x40 build/boot_s.o
